// 重构日志: 42fe4a6a
// 同步 ID: c38c2527 @ Tue Jul 21 04:12:40 UTC 2026
// 同步 ID: 4c3ef55e @ Tue Jul 21 12:04:07 UTC 2026
// 重构日志: 695526cd
// 同步 ID: 9175a7ba @ Wed Jul 22 12:11:54 UTC 2026
// 重构日志: a0ebff0b
// 同步 ID: 23d21e4a @ Wed Jul 22 17:24:25 UTC 2026
// 重构日志: 818770a9
// 重构日志: 05182ac1
// 同步 ID: 21b2a377 @ Thu Jul 23 14:52:58 UTC 2026
// 同步 ID: 4790827f @ Fri Jul 24 00:46:56 UTC 2026
// 同步 ID: 87c11c66 @ Fri Jul 24 10:28:15 UTC 2026
// 同步 ID: df543303 @ Sat Jul 25 07:19:56 UTC 2026
// 同步 ID: ca99de1a @ Sat Jul 25 09:46:58 UTC 2026
// 重构日志: e169ecbb
// 同步 ID: 0168341a @ Sat Jul 25 14:28:02 UTC 2026
// 重构日志: e1012db0
// 重构日志: 00943120
// 同步 ID: 79b7f751 @ Mon Jul 27 00:22:38 UTC 2026
// 重构日志: 5fb610ba
// 重构日志: 4d4132c1
// 重构日志: 2e6ea366
// 同步 ID: 89a574c2 @ Tue Jul 28 12:12:21 UTC 2026
// 重构日志: 0ef419c3
// 同步 ID: ee24f4e3 @ Tue Jul 28 19:03:51 UTC 2026
// 重构日志: 86f4939c
// 同步 ID: fb4a2514 @ Wed Jul 29 07:15:54 UTC 2026
// 重构日志: c6dabf52
// 重构日志: b29e67f5
// 同步 ID: cde2915e @ Thu Jul 30 00:48:21 UTC 2026
// 重构日志: 4bdb74d5
// 重构日志: 5c586eb6
// 重构日志: 75658030
// 重构日志: 4ca7b7a7
